
> temporary123@0.1.0 build
> tsc --noEmit && vite build && node --import tsx scripts/prerender.tsx

vite v7.3.6 building client environment for production...
transforming...
Module "src/content.ts" tried to import "site.json" with "type": "json" attributes, but it was already imported elsewhere with no attributes. Please ensure that import attributes for the same module are always consistent.
node_modules/zod/v4/core/regexes.js (72:0): A comment

"/** Anchors a pattern source. The interpolation lives here rather than at the call site because
 * esbuild will not drop a `@__PURE__` call whose own argument interpolates a variable, but it
 * will drop `anchor(dateSource)`. Keeping it inline pinned `date` into every bundle. */"

in "node_modules/zod/v4/core/regexes.js" contains an annotation that Rollup cannot interpret due to the position of the comment. The comment will be removed to avoid issues.
node_modules/zod/v4/core/util.js (400:0): A comment

"// Wrapped in a `@__PURE__` IIFE: esbuild never tree-shakes a top-level initializer that contains a member access on `Number`, so the bare object literal survived into every bundle."

in "node_modules/zod/v4/core/util.js" contains an annotation that Rollup cannot interpret due to the position of the comment. The comment will be removed to avoid issues.
✓ 142 modules transformed.
rendering chunks...
computing gzip size...
dist/index.html                                                 0.58 kB │ gzip:  0.38 kB
dist/assets/barlow-condensed-latin-600-normal-BFJEwTuo.woff    18.89 kB
dist/assets/barlow-latin-400-normal-fsAxiSwU.woff              19.58 kB
dist/assets/barlow-latin-600-normal-CNwfPWQD.woff              19.88 kB
dist/assets/barlow-latin-400-normal-qiz4-Cze.woff2             22.20 kB
dist/assets/barlow-condensed-latin-600-normal-DepVgxBB.woff2   22.31 kB
dist/assets/barlow-latin-600-normal-DILqtrty.woff2             22.77 kB
dist/assets/index-sBOux8u9.css                                 17.11 kB │ gzip:  4.79 kB
dist/assets/index--vqu0vPH.js                                   0.47 kB │ gzip:  0.33 kB
dist/assets/index-3NQE1NOk.js                                   2.83 kB │ gzip:  1.34 kB
dist/assets/index-D0SoiyhN.js                                   8.05 kB │ gzip:  3.07 kB
dist/assets/QuoteForm-zuGblZLo.js                              87.29 kB │ gzip: 25.97 kB
dist/assets/client-J5Wg25Zp.js                                213.54 kB │ gzip: 66.41 kB
✓ built in 2.96s
Static HTML generated for 631 pages + 404 (draft/noindex).
